2026-08-26T20:28:22Z [1/215] 00f8e853-e20e-49bb-9f2f-8190507b8066 bafybeieevi7otn2qlkiojtbx2hdpeeaqv24n4nmoi7hispvvspbb2ppyfy 364907998B 3s {"Pins":["bafybeieevi7otn2qlkiojtbx2hdpeeaqv24n4nmoi7hispvvspbb2ppyfy"]}
2026-08-26T20:29:24Z [2/215] 03c9301f-e338-4419-8830-3e790fdc936b bafybeieri6cmzieyadfmuc7a6rf5fqe6skn6dwa2khro4euucj7ikk3r7u 428382094B 61s {"Pins":["bafybeieri6cmzieyadfmuc7a6rf5fqe6skn6dwa2khro4euucj7ikk3r7u"]}
2026-08-26T20:30:21Z [3/215] 05c97416-7379-4d26-a61d-61277b939d3f bafybeiduauytlixl3xerjqnbaq73d2npiim2bkeflpavrnmdx66guov5ua 367859100B 56s {"Pins":["bafybeiduauytlixl3xerjqnbaq73d2npiim2bkeflpavrnmdx66guov5ua"]}
2026-08-26T20:31:06Z [4/215] 063ccfde-866d-4dbd-95ed-5213336cfbca bafybeigm72alzwctmru2xzbuv4is2wgpvsxmqjrhcrenlug3j6ggnmyr5i 437312354B 44s {"Pins":["bafybeigm72alzwctmru2xzbuv4is2wgpvsxmqjrhcrenlug3j6ggnmyr5i"]}
2026-08-26T20:46:41Z [1/215] 00f8e853-e20e-49bb-9f2f-8190507b8066 bafybeieevi7otn2qlkiojtbx2hdpeeaqv24n4nmoi7hispvvspbb2ppyfy 364907998B 1s {"Pins":["bafybeieevi7otn2qlkiojtbx2hdpeeaqv24n4nmoi7hispvvspbb2ppyfy"]}
2026-08-26T20:46:46Z [2/215] 03c9301f-e338-4419-8830-3e790fdc936b bafybeieri6cmzieyadfmuc7a6rf5fqe6skn6dwa2khro4euucj7ikk3r7u 428382094B 4s {"Pins":["bafybeieri6cmzieyadfmuc7a6rf5fqe6skn6dwa2khro4euucj7ikk3r7u"]}
2026-08-26T20:46:47Z [3/215] 05c97416-7379-4d26-a61d-61277b939d3f bafybeiduauytlixl3xerjqnbaq73d2npiim2bkeflpavrnmdx66guov5ua 367859100B 1s {"Pins":["bafybeiduauytlixl3xerjqnbaq73d2npiim2bkeflpavrnmdx66guov5ua"]}
2026-08-26T20:46:49Z [4/215] 063ccfde-866d-4dbd-95ed-5213336cfbca bafybeigm72alzwctmru2xzbuv4is2wgpvsxmqjrhcrenlug3j6ggnmyr5i 437312354B 1s {"Pins":["bafybeigm72alzwctmru2xzbuv4is2wgpvsxmqjrhcrenlug3j6ggnmyr5i"]}
2026-08-26T20:47:03Z [5/215] 0698273e-13fc-43e9-910e-0f6d81827a01 bafybeibzbskdaqkph42dwcc4nxj65yoxqw2s66kvptmjq6thvto7tndsiu 2857834752B 13s {"Pins":["bafybeibzbskdaqkph42dwcc4nxj65yoxqw2s66kvptmjq6thvto7tndsiu"]}
2026-08-26T21:10:16Z [1/215] 00f8e853-e20e-49bb-9f2f-8190507b8066 bafybeieevi7otn2qlkiojtbx2hdpeeaqv24n4nmoi7hispvvspbb2ppyfy 364907998B 31s {"Pins":["bafybeieevi7otn2qlkiojtbx2hdpeeaqv24n4nmoi7hispvvspbb2ppyfy"]}
2026-08-26T21:10:47Z [2/215] 03c9301f-e338-4419-8830-3e790fdc936b bafybeieri6cmzieyadfmuc7a6rf5fqe6skn6dwa2khro4euucj7ikk3r7u 428382094B 31s {"Pins":["bafybeieri6cmzieyadfmuc7a6rf5fqe6skn6dwa2khro4euucj7ikk3r7u"]}
2026-08-26T21:11:17Z [3/215] 05c97416-7379-4d26-a61d-61277b939d3f bafybeiduauytlixl3xerjqnbaq73d2npiim2bkeflpavrnmdx66guov5ua 367859100B 30s {"Pins":["bafybeiduauytlixl3xerjqnbaq73d2npiim2bkeflpavrnmdx66guov5ua"]}
2026-08-26T21:11:48Z [4/215] 063ccfde-866d-4dbd-95ed-5213336cfbca bafybeigm72alzwctmru2xzbuv4is2wgpvsxmqjrhcrenlug3j6ggnmyr5i 437312354B 31s {"Pins":["bafybeigm72alzwctmru2xzbuv4is2wgpvsxmqjrhcrenlug3j6ggnmyr5i"]}
2026-08-26T21:12:19Z [5/215] 0698273e-13fc-43e9-910e-0f6d81827a01 bafybeibzbskdaqkph42dwcc4nxj65yoxqw2s66kvptmjq6thvto7tndsiu 2857834752B 31s {"Pins":["bafybeibzbskdaqkph42dwcc4nxj65yoxqw2s66kvptmjq6thvto7tndsiu"]}
2026-08-26T21:12:49Z [6/215] 06dccbad-8fee-4c3c-934a-7eb45bd0b9d1 bafybeifxsa334seer4g6tjrdi5nrasbxpvaf4liamhf257v5jlrpvp6lci 590236980B 30s {"Pins":["bafybeifxsa334seer4g6tjrdi5nrasbxpvaf4liamhf257v5jlrpvp6lci"]}
2026-08-26T21:13:50Z [7/215] 07c766f0-edc4-45fd-be50-83f89228b08c bafybeicdzq262k5kbjp4nta2de6ranlt44hv2glv5ldfphykqqg2bb67yy 365474953B 61s {"Pins":["bafybeicdzq262k5kbjp4nta2de6ranlt44hv2glv5ldfphykqqg2bb67yy"]}
2026-08-26T21:15:21Z [8/215] 094b8bd3-a89b-4127-937f-faef6c6eee96 bafybeidgyes76zhactav3bkm6epsorq3gq6ccjwrki2rktrgowpicdf22u 539733897B 91s {"Pins":["bafybeidgyes76zhactav3bkm6epsorq3gq6ccjwrki2rktrgowpicdf22u"]}
2026-08-26T22:02:53Z [9/215] 0c3fa80b-712a-4688-b01a-fb904c658b76 bafybeibm3vo3hq5h35hpuga2zrbfi7ety4hmz5w6zo7qfhxaixwma55hgi 21387810976B 2851s {"Pins":["bafybeibm3vo3hq5h35hpuga2zrbfi7ety4hmz5w6zo7qfhxaixwma55hgi"]}
2026-08-26T22:03:24Z [10/215] 0f7a9421-44df-4d9c-a0d0-f850e4fdd43f bafybeidyzd54zbfcgzjolduf23yo5mjg353e744bd3nc3a7piy3ifrlbde 367913882B 31s {"Pins":["bafybeidyzd54zbfcgzjolduf23yo5mjg353e744bd3nc3a7piy3ifrlbde"]}
2026-08-26T22:03:55Z [11/215] 102f320e-2315-49a5-b0d9-bb96da1bf820 bafybeiawofx6hkobzdefwrabj7ymgzuchxkmxnzvifsoc65yo55kr36gca 367864849B 31s {"Pins":["bafybeiawofx6hkobzdefwrabj7ymgzuchxkmxnzvifsoc65yo55kr36gca"]}
2026-08-26T22:04:25Z [12/215] 11b4449b-e435-4737-bd14-81cd3366ac89 bafybeifh2fltt4ll5fqdnzbwiy5dnvtfvdpilha2e5mly33wjmqfsgylba 6973835B 30s {"Pins":["bafybeifh2fltt4ll5fqdnzbwiy5dnvtfvdpilha2e5mly33wjmqfsgylba"]}
2026-08-26T22:06:57Z [13/215] 1703b594-d76d-49a5-a6c8-ce04f85550ed bafybeihsjavr4ytw5cjffjvazvj5ntqfsxkvwnszw4ieu3fl2fdnlttaii 713000670B 152s {"Pins":["bafybeihsjavr4ytw5cjffjvazvj5ntqfsxkvwnszw4ieu3fl2fdnlttaii"]}
2026-08-26T22:07:28Z [14/215] 17b11372-d1b1-405a-8b54-13b3e1a0738e bafybeihdckfhdu46ssu4mkfk4f26vdobpsojynf6qwyaytj3iquc6rrj5y 6626631B 31s {"Pins":["bafybeihdckfhdu46ssu4mkfk4f26vdobpsojynf6qwyaytj3iquc6rrj5y"]}
2026-08-26T22:15:34Z [15/215] 18125d2a-d424-496f-9949-9c3e625f114e bafybeih56gd4zfi3geayd76x6bpkn7fjxjauh7ss2gd3teyhmlzdxa2aci 5089119234B 486s {"Pins":["bafybeih56gd4zfi3geayd76x6bpkn7fjxjauh7ss2gd3teyhmlzdxa2aci"]}
2026-08-26T22:16:04Z [16/215] 193dc737-9fe3-4f98-8714-c484cb4ce3e8 bafybeihsiccbnoudddflvqbp2vqxpzd6liq45c4mwwupavengta4hvoynm 367861019B 30s {"Pins":["bafybeihsiccbnoudddflvqbp2vqxpzd6liq45c4mwwupavengta4hvoynm"]}
2026-08-26T22:19:37Z [17/215] 19c097b4-c440-44e9-b6a8-eb97f3b4513a bafybeie4tpjzlddwq4pdyjvdxuh2nqttozvp2gpo64qyaqzyk3z23jn4xu 1369058722B 213s {"Pins":["bafybeie4tpjzlddwq4pdyjvdxuh2nqttozvp2gpo64qyaqzyk3z23jn4xu"]}
2026-08-26T22:20:38Z [18/215] 1b1ffd48-5fc2-4d19-a563-364e00ddfb01 bafybeifw37f4euezltudfp3ln6smn6wnhehzjq7hj2u77kiac55scykkve 590133253B 61s {"Pins":["bafybeifw37f4euezltudfp3ln6smn6wnhehzjq7hj2u77kiac55scykkve"]}
2026-08-26T22:21:39Z [19/215] 1b205395-6654-4174-b170-45c82866270b bafybeictb2bj26igmdxjfuvdrpwqwvkm6febsquz3kmxbknjxl5rsoshzq 440583889B 61s {"Pins":["bafybeictb2bj26igmdxjfuvdrpwqwvkm6febsquz3kmxbknjxl5rsoshzq"]}
2026-08-26T22:22:10Z [20/215] 1b6bd73c-b612-4c24-a837-e5afe08616f7 bafybeic6zoze4c5wowu2q5xexfsl6bfqmsoig6f4263awx3ej336sv2orq 6974271B 31s {"Pins":["bafybeic6zoze4c5wowu2q5xexfsl6bfqmsoig6f4263awx3ej336sv2orq"]}
2026-08-26T22:23:41Z [21/215] 1e0b019f-60fa-4ae2-96ab-78796310ce0d bafybeigtrqy3sz2h7wthyghuwgey5s5zk366jlehrpoce4zvu3e5xfqwfq 815638106B 91s {"Pins":["bafybeigtrqy3sz2h7wthyghuwgey5s5zk366jlehrpoce4zvu3e5xfqwfq"]}
2026-08-26T22:24:42Z [22/215] 1f060e42-3437-444c-b823-a8b8532c449c bafybeiaowfr53qzugzulh2wcjzlma6v3zobllas3pd22kcbofbaj4o76ua 366863214B 61s {"Pins":["bafybeiaowfr53qzugzulh2wcjzlma6v3zobllas3pd22kcbofbaj4o76ua"]}
2026-08-26T22:25:13Z [23/215] 1fdd923d-91f0-4b28-a51a-8d01da7cc562 bafybeig2bjwgn2a6ghnhvu7qf5cbmpm4ktzcucuxogokkd4vkbzlktehyi 6625293B 31s {"Pins":["bafybeig2bjwgn2a6ghnhvu7qf5cbmpm4ktzcucuxogokkd4vkbzlktehyi"]}
2026-08-26T22:27:14Z [24/215] 21a5bd39-64d0-490b-b578-6c6ecd317b7a bafybeict42lavd3zaox4nb6bk7nvsgo3un3kqmwcl4rbsqtw5nmtw7rgg4 1026317459B 121s {"Pins":["bafybeict42lavd3zaox4nb6bk7nvsgo3un3kqmwcl4rbsqtw5nmtw7rgg4"]}
2026-08-26T22:27:45Z [25/215] 231fa61b-eb94-40d7-9a5c-0d5c7e94f1ed bafybeiggeumyvwigcon7o72hhyad6h64gmi55a3hjqpfy2eclb75jlie2y 202560386B 31s {"Pins":["bafybeiggeumyvwigcon7o72hhyad6h64gmi55a3hjqpfy2eclb75jlie2y"]}
2026-08-26T22:28:16Z [26/215] 23d93636-48be-42be-8b9c-59083b481079 bafybeigunmeztdzqmsgnvdsilv3vydx4us22pujmz2ytfd7jfyzke5mfey 6973278B 31s {"Pins":["bafybeigunmeztdzqmsgnvdsilv3vydx4us22pujmz2ytfd7jfyzke5mfey"]}
2026-08-26T22:29:17Z [27/215] 252527ee-2232-45e0-9ead-27379ff26219 bafybeiawv4yxg5yc6hr7yywqf2n2w5qiowyidfrfurosrr7ymztgajpc6u 511373220B 61s {"Pins":["bafybeiawv4yxg5yc6hr7yywqf2n2w5qiowyidfrfurosrr7ymztgajpc6u"]}
2026-08-26T22:31:18Z [28/215] 25a0daeb-ec6d-4bfd-8a24-11c44beb5629 bafybeibnx6bcloccezfiemyqdkkhrn6d3mqqa24t4of5w27ihb5t2qyj5y 914669207B 121s {"Pins":["bafybeibnx6bcloccezfiemyqdkkhrn6d3mqqa24t4of5w27ihb5t2qyj5y"]}
2026-08-26T22:34:51Z [29/215] 25a3d5d3-43a6-495e-bf18-e0583fa11f72 bafybeibkn5bxuicnhuoe3cagzck2sd67uhbp7caai7duhv5ymkfvu7ar6e 1670247063B 213s {"Pins":["bafybeibkn5bxuicnhuoe3cagzck2sd67uhbp7caai7duhv5ymkfvu7ar6e"]}
2026-08-26T22:35:52Z [30/215] 26433d62-bb36-46f8-bc8e-ed7214967cc2 bafybeify2zeabtidvqlg4msnjjm2yndnga6vmh54zmpho4irz442fh5ll4 374643673B 61s {"Pins":["bafybeify2zeabtidvqlg4msnjjm2yndnga6vmh54zmpho4irz442fh5ll4"]}
2026-08-26T22:36:23Z [31/215] 28cad12d-50f2-4d82-a77d-1284cf934b8c bafybeiacgr4nlmieo6smcapcguxzjy3bjbtkjfu3ozsiwiqwymvmwvgovm 364581548B 31s {"Pins":["bafybeiacgr4nlmieo6smcapcguxzjy3bjbtkjfu3ozsiwiqwymvmwvgovm"]}
2026-08-26T22:38:24Z [32/215] 2998a10b-8ddc-4344-9f3d-710ab5ec9287 bafybeicobys42tsdhkig5qbdrc27ehrqko7vy6ejnssor72ngapxpaviei 870210638B 121s {"Pins":["bafybeicobys42tsdhkig5qbdrc27ehrqko7vy6ejnssor72ngapxpaviei"]}
2026-08-26T23:05:43Z [33/215] 29b720ff-fcbf-4467-a53d-e79a90ad0d60 bafybeiewbci54mcuxaf3tkeqv6rj7valvj4sw5pinavamvunaxixbophme 9462196881B 1639s {"Pins":["bafybeiewbci54mcuxaf3tkeqv6rj7valvj4sw5pinavamvunaxixbophme"]}
2026-08-26T23:07:15Z [34/215] 29cd44b3-2ed9-4d8b-beb5-073d248a1a00 bafybeieqpbnvqdkcxivywoum6dsxtb5ciehowhhpwotmydm6j3m2rwmjb4 316081647B 92s {"Pins":["bafybeieqpbnvqdkcxivywoum6dsxtb5ciehowhhpwotmydm6j3m2rwmjb4"]}
2026-08-26T23:10:17Z [35/215] 2a57c29f-fa5b-440d-8dee-2d58cdb9238c bafybeia6roqxnxhix3243fgcokjpotiwr6vdqwpowdultwvg7rwgcbfklq 1193520104B 182s {"Pins":["bafybeia6roqxnxhix3243fgcokjpotiwr6vdqwpowdultwvg7rwgcbfklq"]}
2026-08-26T23:11:18Z [36/215] 2a727b17-7890-4464-913d-3fe5ad2af4ae bafybeicsco5e2lkbyvgaqmymxyc5xguseo5trcedb4skcrwihg3bx6rrw4 365984161B 61s {"Pins":["bafybeicsco5e2lkbyvgaqmymxyc5xguseo5trcedb4skcrwihg3bx6rrw4"]}
2026-08-26T23:12:19Z [37/215] 2d1f1330-d66a-4e9e-afd6-c17e5e55f2c4 bafybeiciq4woo2bmlcrdg4h2frlv4izmpvuwfnq5koqdj2hbrt36m7z32i 402608466B 61s {"Pins":["bafybeiciq4woo2bmlcrdg4h2frlv4izmpvuwfnq5koqdj2hbrt36m7z32i"]}
2026-08-26T23:12:50Z [38/215] 2da1ec21-e476-40df-bc45-fb07573bdfe5 bafybeigplv3szo3unblyj2gpcohxc743fbod2jhlppvinsxn6dyi7z35uq 367857102B 31s {"Pins":["bafybeigplv3szo3unblyj2gpcohxc743fbod2jhlppvinsxn6dyi7z35uq"]}
2026-08-26T23:13:51Z [39/215] 2dbd7ac7-afe2-43fd-a83c-2156406c158e bafybeidhblkpai7wkafvxc7ekr7eltya5w7jvj7m42vqpeurjpnk6mfvbi 367859821B 61s {"Pins":["bafybeidhblkpai7wkafvxc7ekr7eltya5w7jvj7m42vqpeurjpnk6mfvbi"]}
2026-08-26T23:14:21Z [40/215] 2e68b1a3-6370-4ad5-af12-153de80637eb bafybeigdm767ngpdhm3oz4tlizqyvnyrhrqwjxd6lrdgduprz3syq5hzqi 6626115B 30s {"Pins":["bafybeigdm767ngpdhm3oz4tlizqyvnyrhrqwjxd6lrdgduprz3syq5hzqi"]}
2026-08-26T23:15:53Z [41/215] 2ee448fc-b02a-4f74-a8c0-0e4da84f7ab1 bafybeibhvwrgqdd3agtmi5alejzklrdwewf4v6ag325gxaixvla7vjp5k4 687555691B 92s {"Pins":["bafybeibhvwrgqdd3agtmi5alejzklrdwewf4v6ag325gxaixvla7vjp5k4"]}
2026-08-26T23:17:24Z [42/215] 2fb649d0-3ed2-4539-8ea2-e073b85e9a21 bafybeignug5bwyrd6gjat3qvny37v4c4padxupmzbya4ardqv6mwq24pja 997319118B 91s {"Pins":["bafybeignug5bwyrd6gjat3qvny37v4c4padxupmzbya4ardqv6mwq24pja"]}
2026-08-26T23:17:55Z [43/215] 30780351-fa82-47f1-9a2d-7d331f460995 bafybeigzh5ry3tosiqsmhqmfs4jmhlq4l6aoxy2kjtlqk5tihg45elbmsq 6626445B 31s {"Pins":["bafybeigzh5ry3tosiqsmhqmfs4jmhlq4l6aoxy2kjtlqk5tihg45elbmsq"]}
2026-08-26T23:19:26Z [44/215] 3110459a-bcad-4dd9-a43d-a0f1eaddc0f8 bafybeiax7cme5qagnacgabj5le3frhg4goplxzgyoncmxx2iin7lysa2a4 639663596B 91s {"Pins":["bafybeiax7cme5qagnacgabj5le3frhg4goplxzgyoncmxx2iin7lysa2a4"]}
2026-08-26T23:20:57Z [45/215] 31a680b4-c00a-4eac-8729-cba633c91c54 bafybeib5mbnyh3s3pbpoophkn5if3nfcaljhxgomtizzij6e4i6skywuve 753669637B 91s {"Pins":["bafybeib5mbnyh3s3pbpoophkn5if3nfcaljhxgomtizzij6e4i6skywuve"]}
2026-08-26T23:21:58Z [46/215] 31bc21a0-c834-49a3-866f-d4839cbe14df bafybeigg55usboqwovt2hdtg3dhjcjsxj2ty2fka7ogde474qmarynpmqi 271013897B 61s {"Pins":["bafybeigg55usboqwovt2hdtg3dhjcjsxj2ty2fka7ogde474qmarynpmqi"]}
2026-08-26T23:22:29Z [47/215] 31eb3d1f-9bf5-4f87-b1ea-b9a4a98a348b bafybeidh5i7bp3xoqyldjjbob5mc4jyxxcupoaacirdbceh3sepxepkbiq 323023109B 31s {"Pins":["bafybeidh5i7bp3xoqyldjjbob5mc4jyxxcupoaacirdbceh3sepxepkbiq"]}
2026-08-26T23:32:36Z [48/215] 3224d677-f521-415d-86c0-1f2f9c47abef bafybeicllvhrbufjx3mmckamacmbmj5zulwc7pikyoizc7z5v65orexdga 4869828359B 607s {"Pins":["bafybeicllvhrbufjx3mmckamacmbmj5zulwc7pikyoizc7z5v65orexdga"]}
2026-08-26T23:33:37Z [49/215] 33e55482-5dac-40b8-972e-750c374d69bb bafybeicyr67aors2ppetayopqpcn42em5v4dpeo56ki65fsnjaej7c3tpm 366231326B 61s {"Pins":["bafybeicyr67aors2ppetayopqpcn42em5v4dpeo56ki65fsnjaej7c3tpm"]}
2026-08-26T23:34:08Z [50/215] 34f52c05-cde0-4dee-880b-df96eebf37be bafybeiamizldgiapenyoyulhpvxcx6hhgprpx7nj3wshp4xynxxqbtb3f4 6626953B 31s {"Pins":["bafybeiamizldgiapenyoyulhpvxcx6hhgprpx7nj3wshp4xynxxqbtb3f4"]}
2026-08-26T23:34:38Z [51/215] 35b11663-0ced-4c14-9113-b5d763da0040 bafybeiaj7oththdzkzs6zjwseh4a625f2rzmqg3tts36ugjad6h56pl6eq 367864216B 30s {"Pins":["bafybeiaj7oththdzkzs6zjwseh4a625f2rzmqg3tts36ugjad6h56pl6eq"]}
2026-08-26T23:35:09Z [52/215] 361076b7-b4f5-4b47-b800-8c1f31100271 bafybeieqvvxxamxzzf7jkg3s2q75ywqwaciv66s24iiychxys63mnfld4y 367864733B 31s {"Pins":["bafybeieqvvxxamxzzf7jkg3s2q75ywqwaciv66s24iiychxys63mnfld4y"]}
2026-08-26T23:36:10Z [53/215] 3620d7ce-0677-4c59-be8e-0638632dc43b bafybeigtcztnz3tv3v4jnavliz4prfkzseyuokf2vglbkulctgqp3jumti 373943518B 61s {"Pins":["bafybeigtcztnz3tv3v4jnavliz4prfkzseyuokf2vglbkulctgqp3jumti"]}
2026-08-26T23:36:41Z [54/215] 37e6066c-9997-4939-ac9a-e92685e71cf6 bafybeicbg4xiensgxclzhzmejtahye6broyfb5ru7gact7h6hajrqljd4y 6626160B 31s {"Pins":["bafybeicbg4xiensgxclzhzmejtahye6broyfb5ru7gact7h6hajrqljd4y"]}
2026-08-26T23:39:43Z [55/215] 398716ae-a05b-43bb-adb8-48e56114af6a bafybeihhbbixxlc3phvir4as6y54t5d777lo6fr3272q5bcuaj4ilj2mpa 1318391739B 182s {"Pins":["bafybeihhbbixxlc3phvir4as6y54t5d777lo6fr3272q5bcuaj4ilj2mpa"]}
2026-08-26T23:42:15Z [56/215] 3a13e193-725f-4a07-b5fa-51f36fc79050 bafybeif4jcuviufllzgduwbmmx7w7vilccczzqu7rrqtoxyd5p7w2jfeya 1186470928B 152s {"Pins":["bafybeif4jcuviufllzgduwbmmx7w7vilccczzqu7rrqtoxyd5p7w2jfeya"]}
2026-08-26T23:43:46Z [57/215] 3a9f6d14-d53d-4d5c-b55a-f0e5793d5d0e bafybeierrxf7ih34ahwnrvjay46fv76iw5lmqdu3f3pq6mozuzfzcityo4 381280648B 91s {"Pins":["bafybeierrxf7ih34ahwnrvjay46fv76iw5lmqdu3f3pq6mozuzfzcityo4"]}
2026-08-26T23:44:17Z [58/215] 3aca483a-59b7-4839-b66e-74d5e75c4735 bafybeic257wji377535f6wj5ain2fuwhw3wsf37phn65rsbuxrqw3ppnma 6973247B 31s {"Pins":["bafybeic257wji377535f6wj5ain2fuwhw3wsf37phn65rsbuxrqw3ppnma"]}
2026-08-26T23:45:18Z [59/215] 3e8f638a-c7e2-403a-98d8-c185411825bd bafybeiagd2jnhomuidaeksivexvbmmpqvaxemdmhz2xgpkhu7cjfmkesxm 464562363B 61s {"Pins":["bafybeiagd2jnhomuidaeksivexvbmmpqvaxemdmhz2xgpkhu7cjfmkesxm"]}
2026-08-26T23:45:49Z [60/215] 412f980a-0fbc-4458-983a-85a1d81b6371 bafybeieankt47rfuamjp6b6kajriqea72tbirvyihqp4ptwccbuxanxucq 120524083B 31s {"Pins":["bafybeieankt47rfuamjp6b6kajriqea72tbirvyihqp4ptwccbuxanxucq"]}
2026-08-26T23:46:19Z [61/215] 434b4eab-f8ed-4e75-b80f-5377e08ca430 bafybeidicl46ejxjpe2w6j2bgr55qkfcqerbymz7zutmkfdt7cbvqrs2am 44322819B 30s {"Pins":["bafybeidicl46ejxjpe2w6j2bgr55qkfcqerbymz7zutmkfdt7cbvqrs2am"]}
2026-08-26T23:47:20Z [62/215] 43c29566-9fad-42ce-aab9-1c4947164d94 bafybeidjwmuz3a7kkv72i67n75bjgo2rx7ejmg22hm4e6275trzso2643y 500348077B 61s {"Pins":["bafybeidjwmuz3a7kkv72i67n75bjgo2rx7ejmg22hm4e6275trzso2643y"]}
2026-08-26T23:47:51Z [63/215] 43f6164c-d901-4e87-815a-c6689d05b48f bafybeigi4wxi2uisvz4x6kr6c3cvtis7ecun4da3yxe6n7at6wcj26ebfi 6973804B 31s {"Pins":["bafybeigi4wxi2uisvz4x6kr6c3cvtis7ecun4da3yxe6n7at6wcj26ebfi"]}
2026-08-26T23:48:22Z [64/215] 47ab1047-708d-4f36-b5de-68e5995e175f bafybeie53f3d2zzcqawwb6vkrxjrp2aqbziym5qryzlvnw7wlkmioaqyje 6626033B 31s {"Pins":["bafybeie53f3d2zzcqawwb6vkrxjrp2aqbziym5qryzlvnw7wlkmioaqyje"]}
2026-08-26T23:49:23Z [65/215] 47db4cae-c786-4bb3-8735-e932ab81ed7f bafybeia5dvt44c2qd6clgvq6jpn5bkyaqbf7gh7pmtopk3vr2gmjawe7xq 796814841B 61s {"Pins":["bafybeia5dvt44c2qd6clgvq6jpn5bkyaqbf7gh7pmtopk3vr2gmjawe7xq"]}
2026-08-26T23:49:53Z [66/215] 48f6b892-d3aa-4eae-87db-040e195e00a5 bafybeidwj7djbflrcmmlj27mwmyjbt745jeumo64vzq42ggjwirzzacxoi 32840495B 30s {"Pins":["bafybeidwj7djbflrcmmlj27mwmyjbt745jeumo64vzq42ggjwirzzacxoi"]}
2026-08-26T23:50:54Z [67/215] 496bd7c1-d524-44fd-b8d6-9eb03fb9f320 bafybeiahr2sgd3vakxbgdfhudgd7o3zeyyeiqekhp37lixag6rc36stbv4 261663044B 61s {"Pins":["bafybeiahr2sgd3vakxbgdfhudgd7o3zeyyeiqekhp37lixag6rc36stbv4"]}
2026-08-26T23:51:25Z [68/215] 4a58d6e4-d014-4ea3-9837-f7892fd48157 bafybeiboe6htxcqfhkbczn4cm3pbcxnc3qlacrtfj6vkre7r65pwx3acre 203498543B 31s {"Pins":["bafybeiboe6htxcqfhkbczn4cm3pbcxnc3qlacrtfj6vkre7r65pwx3acre"]}
2026-08-26T23:51:56Z [69/215] 4ac90d22-2b94-4dad-8685-3df950746010 bafybeih23umej2xwtoshb43c5awowlw2s7xgp2kkibq3mqd3gx2guycote 6973234B 31s {"Pins":["bafybeih23umej2xwtoshb43c5awowlw2s7xgp2kkibq3mqd3gx2guycote"]}
2026-08-26T23:55:28Z [70/215] 4f3fe912-d226-48b1-8120-56566426d110 bafybeie6vlj7z2j67ztz7fy7pxwqlktvm2dujyh5f52cxfbrvwlf4ev26u 1622543605B 212s {"Pins":["bafybeie6vlj7z2j67ztz7fy7pxwqlktvm2dujyh5f52cxfbrvwlf4ev26u"]}
2026-08-26T23:55:59Z [71/215] 4f6816b5-3d84-4715-b025-c8a837030b49 bafybeihqrazspyqdoxrpngewiua6miqtg6txuonfnxvhfccsdp3afr6xji 25881491B 31s {"Pins":["bafybeihqrazspyqdoxrpngewiua6miqtg6txuonfnxvhfccsdp3afr6xji"]}
2026-08-26T23:56:30Z [72/215] 4f69d4eb-5f33-4d3b-a0ac-cc4189bf1f83 bafybeiddzotkgk5zgq2i77rhqs5l3io4gyzi3hl3doy4pbven7pxrqzbii 6973768B 31s {"Pins":["bafybeiddzotkgk5zgq2i77rhqs5l3io4gyzi3hl3doy4pbven7pxrqzbii"]}
2026-08-26T23:57:00Z [73/215] 500ccc6e-d7ad-443f-a9df-0bf709b3b3c9 bafybeibidw7ai6o26o36myvbykjoespazfogie54o3e427sdbjmn6crtfm 367862680B 30s {"Pins":["bafybeibidw7ai6o26o36myvbykjoespazfogie54o3e427sdbjmn6crtfm"]}
2026-08-26T23:59:32Z [74/215] 50aa02eb-dccf-4003-99a2-69a1f62cb337 bafybeidmh6ydom3pxsuvgzyjatqyluwvos46gpm3aimw5vjrlhswmagyhy 1254937286B 152s {"Pins":["bafybeidmh6ydom3pxsuvgzyjatqyluwvos46gpm3aimw5vjrlhswmagyhy"]}
2026-08-27T00:00:33Z [75/215] 51a53d4e-c60f-4582-8edc-c9998ed40a24 bafybeihoraaza7slxryygiusthopg2q5xe2vn4b3pxqp7oadgc6hokde54 376146279B 61s {"Pins":["bafybeihoraaza7slxryygiusthopg2q5xe2vn4b3pxqp7oadgc6hokde54"]}
2026-08-27T00:02:05Z [76/215] 522055e6-e5d8-41b5-8cad-9823c9666e2a bafybeicvqfwxrp2pscpwpohccunn2f4q7pndz74pdrzwp2llcqhxrr46c4 697378111B 92s {"Pins":["bafybeicvqfwxrp2pscpwpohccunn2f4q7pndz74pdrzwp2llcqhxrr46c4"]}
2026-08-27T00:37:59Z [77/215] 5440b100-26fe-41b6-b55e-96ff06b5a94a bafybeiakdubxwnck4evy5owr2rdys4doxfsraswug2rwricbysaep7w574 17077679826B 2154s {"Pins":["bafybeiakdubxwnck4evy5owr2rdys4doxfsraswug2rwricbysaep7w574"]}
2026-08-27T00:40:01Z [78/215] 5472181b-3d22-436b-88fb-bb3e07fa073d bafybeigytoeg4kw6argrw6vhy4erqk2r4ontw56lnkkno2nutkff2jasku 592421069B 122s {"Pins":["bafybeigytoeg4kw6argrw6vhy4erqk2r4ontw56lnkkno2nutkff2jasku"]}
2026-08-27T00:41:02Z [79/215] 5af4af6f-1e6b-4e45-95db-7b4de60fe0ca bafybeigs4ctgxsqylxoxs5hexdgjmb6vzknsclyfrbczpmheqelxexpft4 365815967B 61s {"Pins":["bafybeigs4ctgxsqylxoxs5hexdgjmb6vzknsclyfrbczpmheqelxexpft4"]}
2026-08-27T00:48:37Z [80/215] 5d7e9132-059f-44d9-a6a9-3c8a9b688965 bafybeig5r7sq6z2e4z64ud46ozybluc2dzn3jstmz6s4rdgh56n2oym6iq 4362830247B 455s {"Pins":["bafybeig5r7sq6z2e4z64ud46ozybluc2dzn3jstmz6s4rdgh56n2oym6iq"]}
2026-08-27T00:51:09Z [81/215] 5e0a93aa-22d0-4305-8bdd-5806dab5503a bafybeift6sgbkz2ce4bxi5srx5cj5oef3fn7deu5m7xhdzxmrpcbikcmqq 3791728017B 152s {"Pins":["bafybeift6sgbkz2ce4bxi5srx5cj5oef3fn7deu5m7xhdzxmrpcbikcmqq"]}
2026-08-27T00:54:42Z [82/215] 5eb92ed1-7e81-4b2f-a24c-8e2a67c085e8 bafybeibkzjpgmlst3encr3nnekhydaxvrce7gnbbn2fqefx7x2ncqkjbya 1374652898B 213s {"Pins":["bafybeibkzjpgmlst3encr3nnekhydaxvrce7gnbbn2fqefx7x2ncqkjbya"]}
2026-08-27T01:12:55Z [83/215] 6053b698-2016-4c05-9353-6941635c1609 bafybeidi4zayanprs73wm6ctjm42766psmqeuknoncdxdaey5xbvaobwa4 6680392278B 1093s {"Pins":["bafybeidi4zayanprs73wm6ctjm42766psmqeuknoncdxdaey5xbvaobwa4"]}
2026-08-27T01:13:56Z [84/215] 61c2c2b6-4f2c-4e1b-9e45-23faf3e76594 bafybeih2b3zz3wk7sg6frg77gxy5x65eczgpwrom72acggv3ntd5xfqqnm 279583506B 61s {"Pins":["bafybeih2b3zz3wk7sg6frg77gxy5x65eczgpwrom72acggv3ntd5xfqqnm"]}
2026-08-27T01:14:26Z [85/215] 669bc223-2deb-48f3-b5ba-e44d086bee6c bafybeiekubxeejk4isqqdk3mvzispt3p5lzqwfyjdklklihteouwawuiam 367863371B 30s {"Pins":["bafybeiekubxeejk4isqqdk3mvzispt3p5lzqwfyjdklklihteouwawuiam"]}
2026-08-27T01:14:57Z [86/215] 6835b45f-7f3f-4caf-8a74-d52b35a24df1 bafybeidavyoar65ugcipgv62k4efnm4ak3wq7dpzpluxlofkzzuntn45jq 367857188B 31s {"Pins":["bafybeidavyoar65ugcipgv62k4efnm4ak3wq7dpzpluxlofkzzuntn45jq"]}
2026-08-27T01:15:28Z [87/215] 685f39aa-f9ca-4bfd-84af-d69ad3f8b2c3 bafybeifybay75hl3s4jftjcgt4ejeirtqpf4tr6gfsvozdiduszxctqywq 4187791B 31s {"Pins":["bafybeifybay75hl3s4jftjcgt4ejeirtqpf4tr6gfsvozdiduszxctqywq"]}
2026-08-27T01:26:05Z [88/215] 6862d0b4-252f-469d-8327-c0d79f8b4a67 bafybeib22w2uqcuz4by4pbks424nxle5d2v7p57baoanxk2mrghgohwdqe 6008505976B 637s {"Pins":["bafybeib22w2uqcuz4by4pbks424nxle5d2v7p57baoanxk2mrghgohwdqe"]}
2026-08-27T01:27:36Z [89/215] 69518c54-2bc5-4b90-b606-675529c7593d bafybeiekydzjieevnvejyzeylcb537lomykxqirxdzzixsjptnld5teiui 426730822B 91s {"Pins":["bafybeiekydzjieevnvejyzeylcb537lomykxqirxdzzixsjptnld5teiui"]}
2026-08-27T01:28:07Z [90/215] 6a0781b7-93ff-4cef-9a92-6e197990be57 bafybeici5d46oflrjrwxkmgyztlardxekpr5pticvcyagqcs22vlkuknqm 161425847B 31s {"Pins":["bafybeici5d46oflrjrwxkmgyztlardxekpr5pticvcyagqcs22vlkuknqm"]}
2026-08-27T01:28:38Z [91/215] 6b095c1c-b367-4f4c-b583-6f0ae975e463 bafybeicyjrxmqinalnopezucwd2f7qt6hvsz7sgik3mthfr3xk3wnzamom 179874502B 31s {"Pins":["bafybeicyjrxmqinalnopezucwd2f7qt6hvsz7sgik3mthfr3xk3wnzamom"]}
2026-08-27T01:41:16Z [92/215] 6bcc9b62-0ca3-4fdc-8232-0a3f2d4adf13 bafybeibwtanhwslfpsrie457udacbbkvqiobli4cfilov6kbtna5ybyxde 5043262699B 758s {"Pins":["bafybeibwtanhwslfpsrie457udacbbkvqiobli4cfilov6kbtna5ybyxde"]}
2026-08-27T02:15:40Z [93/215] 6ceb34ad-a8e2-40af-ada7-121a778ec352 bafybeieimhp3lpb54zr27dnjntozwsxvqvoitammkv5qkfjqs6pne4pvsu 25470855619B 2064s {"Pins":["bafybeieimhp3lpb54zr27dnjntozwsxvqvoitammkv5qkfjqs6pne4pvsu"]}
2026-08-27T02:20:43Z [94/215] 6d1a279d-0ddc-4067-84e4-0e0e96fd36fb bafybeieulfkcysuqtgpg3bpz3ttzdsf4hdop4wbym3yf2netidmnvww2aa 2054654799B 303s {"Pins":["bafybeieulfkcysuqtgpg3bpz3ttzdsf4hdop4wbym3yf2netidmnvww2aa"]}
2026-08-27T02:21:14Z [95/215] 6dde453e-259f-49b7-b5db-02c7a41d049b bafybeidmclahatecjksuzij3udypgxbhhcvshitgamvwbxhukg3jpyfora 6625960B 31s {"Pins":["bafybeidmclahatecjksuzij3udypgxbhhcvshitgamvwbxhukg3jpyfora"]}
2026-08-27T02:23:16Z [96/215] 6e0b8c01-5b11-4ceb-b40a-c1d8efa4a66a bafybeia56zidt3lqekzcmbwcdbychrnaua7ovo7ajxwdgk27rqemxy5n7i 728911206B 122s {"Pins":["bafybeia56zidt3lqekzcmbwcdbychrnaua7ovo7ajxwdgk27rqemxy5n7i"]}
2026-08-27T02:24:17Z [97/215] 6f5db274-ea1f-47b6-82ab-13b0ad650d36 bafybeiaovhpygo6at2svrxbmlsfwyvzuwhcxxoarfpbpyyacx6infa4j2i 367858041B 61s {"Pins":["bafybeiaovhpygo6at2svrxbmlsfwyvzuwhcxxoarfpbpyyacx6infa4j2i"]}
2026-08-27T02:27:50Z [98/215] 71e492dd-e8e6-4b1e-8bf1-ee6d8708e04e bafybeidx55bbgrs4btysw5qqb7ber7lew6rj4pacclg3h3cp5icuppjqcy 1421945454B 213s {"Pins":["bafybeidx55bbgrs4btysw5qqb7ber7lew6rj4pacclg3h3cp5icuppjqcy"]}
2026-08-27T02:32:53Z [99/215] 725023bf-1604-4f3b-8e57-100500682b29 bafybeig3rxzsua6lhk2ec4rrludgrehph3au3qrbqln2sqsizs7u4rdxjq 1981124979B 303s {"Pins":["bafybeig3rxzsua6lhk2ec4rrludgrehph3au3qrbqln2sqsizs7u4rdxjq"]}
2026-08-27T02:34:55Z [100/215] 7462201d-7fd6-4ee9-83f6-4e4b35c39de1 bafybeiewdtlsn2u6z6rzgy5hsvktlr7ji4gshnlpiehnzs7cnivc6demmi 569488906B 122s {"Pins":["bafybeiewdtlsn2u6z6rzgy5hsvktlr7ji4gshnlpiehnzs7cnivc6demmi"]}
2026-08-27T02:37:27Z [101/215] 746f680d-9a6c-4125-9486-3271bdbe7e6e bafybeif7kl7iehevionejdw67kce3hrw3i32vbjy35n3u7gndl2nl2fnz4 1244898638B 152s {"Pins":["bafybeif7kl7iehevionejdw67kce3hrw3i32vbjy35n3u7gndl2nl2fnz4"]}
2026-08-27T02:43:32Z [102/215] 7764ae91-0392-48fb-b68c-796d701bed08 bafybeiflzhzqrxhibhs3v6krmnxkqf2i5zizpy4ew7daoddzldji34uevm 2633395084B 365s {"Pins":["bafybeiflzhzqrxhibhs3v6krmnxkqf2i5zizpy4ew7daoddzldji34uevm"]}
2026-08-27T02:45:33Z [103/215] 78850fcd-afca-4757-a9c6-9c847cb3c49d bafybeih4sxrbaatq5c5dk5byitrjssd2jlch4revihkyyzihdfjgizjhr4 850896028B 121s {"Pins":["bafybeih4sxrbaatq5c5dk5byitrjssd2jlch4revihkyyzihdfjgizjhr4"]}
2026-08-27T02:46:04Z [104/215] 78e56727-5b72-4f98-bbef-67ed004a635d bafybeih3ietvcvra4eroraxgjbl3zoommzfe3bwzneobr574d4lqjum22u 367858611B 31s {"Pins":["bafybeih3ietvcvra4eroraxgjbl3zoommzfe3bwzneobr574d4lqjum22u"]}
2026-08-27T03:01:45Z [105/215] 79cb077a-355b-4694-a787-f023abf070de bafybeic2gf5uhyqtke3g3kxd2ydnmintpnamjmkztos5aiumzy5uwgsyqy 7268918998B 941s {"Pins":["bafybeic2gf5uhyqtke3g3kxd2ydnmintpnamjmkztos5aiumzy5uwgsyqy"]}
2026-08-27T03:02:16Z [106/215] 7ad28960-94f5-465f-b586-9d7834da476b bafybeiaozarvquwdhcparzyqrcaekuam3umuilhlxf42vugi62y27hvxnq 367861566B 31s {"Pins":["bafybeiaozarvquwdhcparzyqrcaekuam3umuilhlxf42vugi62y27hvxnq"]}
2026-08-27T04:21:09Z [107/215] 7b77f5d5-fefc-4a77-a40c-e9e8e5f8f9cb bafybeigy6l47vgui4z5f5cot2rpycspngari34ldf2ynecfwkeve3tmk74 39077586234B 4733s {"Pins":["bafybeigy6l47vgui4z5f5cot2rpycspngari34ldf2ynecfwkeve3tmk74"]}
2026-08-27T04:49:28Z [108/215] 7ba57167-a13e-4033-b07e-c7094f74410c bafybeicjxkhpyk5ojyw6zit6d4c4a6dwtybzkzrqp7hjb2ehwe36ei7oce 16646490522B 1699s {"Pins":["bafybeicjxkhpyk5ojyw6zit6d4c4a6dwtybzkzrqp7hjb2ehwe36ei7oce"]}
2026-08-27T04:49:59Z [109/215] 7e2aceea-c9f0-4afc-a4c6-8d37dda61d02 bafybeicwhw2pl4zgedl3j7womi2muwsmsmveg4qi7i2k5jmlqpgpq7ea7u 367862516B 31s {"Pins":["bafybeicwhw2pl4zgedl3j7womi2muwsmsmveg4qi7i2k5jmlqpgpq7ea7u"]}
2026-08-27T04:50:29Z [110/215] 7e92539c-65ce-426b-a243-9b043d0defda bafybeibe5hzxrgni2v6wbx6wybkirfs23wti77cy5pk3vdz4mzw3hsn3bi 367863873B 30s {"Pins":["bafybeibe5hzxrgni2v6wbx6wybkirfs23wti77cy5pk3vdz4mzw3hsn3bi"]}
2026-08-27T04:51:00Z [111/215] 81c8f5d2-9f23-4584-8ee5-f7c975dc7951 bafybeieeesftnsithyhto44i2vme2rfqls2auub4oa2r42kknqfa5a7vpi 367854914B 31s {"Pins":["bafybeieeesftnsithyhto44i2vme2rfqls2auub4oa2r42kknqfa5a7vpi"]}
2026-08-27T04:51:31Z [112/215] 821dd86a-8764-441f-af58-95c857a7c4d3 bafybeiglbibh37slgehm44l4l7j6fdbuu5xw2bmc6l3jxwf4h4yn63iu6u 149314986B 31s {"Pins":["bafybeiglbibh37slgehm44l4l7j6fdbuu5xw2bmc6l3jxwf4h4yn63iu6u"]}
2026-08-27T04:55:03Z [113/215] 83c776c3-262e-4f1d-95f9-97f6d2ccb7cd bafybeigzivh4xfvykmngitsonfrzla33wg5gyj4k6pseshjbgatebz6xmu 2204078812B 212s {"Pins":["bafybeigzivh4xfvykmngitsonfrzla33wg5gyj4k6pseshjbgatebz6xmu"]}
2026-08-27T04:55:34Z [114/215] 8711ddf0-0474-4a8d-a5ec-30c7f42977df bafybeifdrgmic7h3oco5cri7j2dm2xq3dkw7zkgwzlcliukxu3d3fxvf7u 302189138B 31s {"Pins":["bafybeifdrgmic7h3oco5cri7j2dm2xq3dkw7zkgwzlcliukxu3d3fxvf7u"]}
2026-08-27T05:21:21Z [115/215] 8718cfaf-3a37-4112-bc66-c3654d2fb302 bafybeigpqo26mvaxijlitvyifi5r2fzqwrpuafhuhwedhjcjqdutkkht3a 15301766280B 1547s {"Pins":["bafybeigpqo26mvaxijlitvyifi5r2fzqwrpuafhuhwedhjcjqdutkkht3a"]}
2026-08-27T05:21:52Z [116/215] 87eafff7-a8c6-4d3f-bc51-3e23bc745125 bafybeieibnz2w3g2lmrkerkw5s2fopsodkr7kuzwerxoowgxsq3zq2uhbu 7319565B 31s {"Pins":["bafybeieibnz2w3g2lmrkerkw5s2fopsodkr7kuzwerxoowgxsq3zq2uhbu"]}
2026-08-27T05:22:53Z [117/215] 89c348c1-6e78-4e00-ac3f-f58c9e732731 bafybeiaf2flxg3beijmsvlvrgqvjvhccmu6htjri7iuntoa7ohmwhbijoq 812414754B 61s {"Pins":["bafybeiaf2flxg3beijmsvlvrgqvjvhccmu6htjri7iuntoa7ohmwhbijoq"]}
2026-08-27T05:23:24Z [118/215] 8d97e575-0837-4092-bca1-10d58195e414 bafybeicgodciymtufs265gzsoxcvfmct6yrlvlzywjtdqbb27t5fchr5ea 39968420B 31s {"Pins":["bafybeicgodciymtufs265gzsoxcvfmct6yrlvlzywjtdqbb27t5fchr5ea"]}
2026-08-27T05:23:54Z [119/215] 8fc2a19f-4393-4fa4-aee0-91c365232cef bafybeiakqt6qkyt5zleohpnzfbgbjestpucdhgecl7t24x5vf6n4psa2li 6974073B 30s {"Pins":["bafybeiakqt6qkyt5zleohpnzfbgbjestpucdhgecl7t24x5vf6n4psa2li"]}
2026-08-27T05:29:59Z [120/215] 90b82f85-dda3-417b-8af3-7e2d9a8756ba bafybeiej5izkmfqfpurwz3yztupggjd5rgcp2jyp43kbqmsqsq4erghlwe 3881831971B 365s {"Pins":["bafybeiej5izkmfqfpurwz3yztupggjd5rgcp2jyp43kbqmsqsq4erghlwe"]}
2026-08-27T05:30:29Z [121/215] 91a3ea94-f606-40a9-9e39-611bdcb46fdd bafybeielda3tqfkjdpjwqkbvmc476emexjp32nyjijex7vekdr3mrry2gm 5663241B 30s {"Pins":["bafybeielda3tqfkjdpjwqkbvmc476emexjp32nyjijex7vekdr3mrry2gm"]}
2026-08-27T05:31:00Z [122/215] 92a0c691-c281-4a93-ae1f-48d5eacd0ee3 bafybeieggigrkkj6ta5hhvpuppsnp63hepaaprbrfnyxettiwlu2zipzoe 80809827B 31s {"Pins":["bafybeieggigrkkj6ta5hhvpuppsnp63hepaaprbrfnyxettiwlu2zipzoe"]}
2026-08-27T05:32:01Z [123/215] 93544620-dff8-4ae5-8194-3f527e8cc91e bafybeieu2pn2d5jj2vdj5walkwxgraxf6fuwkxzqrlqfouwzgpfhldm6a4 605477748B 61s {"Pins":["bafybeieu2pn2d5jj2vdj5walkwxgraxf6fuwkxzqrlqfouwzgpfhldm6a4"]}
2026-08-27T05:32:32Z [124/215] 94c4b51e-3c29-4568-9545-0556b290e14b bafybeica5xymlytcddeqadjdcrtbfocjjefbs5n6xiq6hxoayugiagb67m 367859938B 31s {"Pins":["bafybeica5xymlytcddeqadjdcrtbfocjjefbs5n6xiq6hxoayugiagb67m"]}
2026-08-27T05:45:41Z [125/215] 96f1663b-5216-4758-aa7f-3a70e6d9d45b bafybeicyfrsbg6t3xvcq7ybr5vjwkjpxtblhumvrqfl5uqssuwh46pyvla 9481635050B 789s {"Pins":["bafybeicyfrsbg6t3xvcq7ybr5vjwkjpxtblhumvrqfl5uqssuwh46pyvla"]}
2026-08-27T05:46:42Z [126/215] 9841c727-f5c8-40e4-b995-0716eeff843f bafybeidtiywaimofnd5hpqjkfdmycfqqj5vpglh5wvmxtvv7b2cpv754qy 312606017B 61s {"Pins":["bafybeidtiywaimofnd5hpqjkfdmycfqqj5vpglh5wvmxtvv7b2cpv754qy"]}
2026-08-27T05:47:12Z [127/215] 9849f146-aef6-4614-9f8e-6bbf82fba520 bafybeiazohczudfjrdebq3oq5zgbtaxw3lcrc6o7mezvyu5txc5w6lmdjy 5211641B 30s {"Pins":["bafybeiazohczudfjrdebq3oq5zgbtaxw3lcrc6o7mezvyu5txc5w6lmdjy"]}
2026-08-27T05:47:43Z [128/215] 9983bf66-380e-4af3-bee9-237c492f18a0 bafybeigxyznfndn4oq6ugjjkyit3dubuhao2pqu5qrr4ft77u6wkyziknq 366164849B 31s {"Pins":["bafybeigxyznfndn4oq6ugjjkyit3dubuhao2pqu5qrr4ft77u6wkyziknq"]}
2026-08-27T05:48:44Z [129/215] 99d373e5-cc9d-45e8-8aa5-1ed47e481791 bafybeibisamrcykrgb7q4txzdddmofqnpkhbnz54pobqttddu3sx4x6qey 483431025B 61s {"Pins":["bafybeibisamrcykrgb7q4txzdddmofqnpkhbnz54pobqttddu3sx4x6qey"]}
2026-08-27T05:50:46Z [130/215] 9ce5936e-a888-4302-a998-146823306098 bafybeiawppq5i47xhmoqt6fye7y2z6ad3tn7zhn6cdtilxenkex6wprhvq 1429084154B 122s {"Pins":["bafybeiawppq5i47xhmoqt6fye7y2z6ad3tn7zhn6cdtilxenkex6wprhvq"]}
2026-08-27T05:51:16Z [131/215] 9d72a792-cd60-40b6-a8aa-59bc41a9cacb bafybeieybj2u7lfl6yccux7fi3b7povwubuttjyqz6dxhbhjikrju44yui 403640417B 30s {"Pins":["bafybeieybj2u7lfl6yccux7fi3b7povwubuttjyqz6dxhbhjikrju44yui"]}
2026-08-27T05:51:47Z [132/215] 9ddfcfcf-2e67-480d-9d3f-feb885acbafb bafybeihhk7saxmepmzykc5fkuvqneelq5vcut7p6gjcbuhy6bapx7szdze 367861797B 31s {"Pins":["bafybeihhk7saxmepmzykc5fkuvqneelq5vcut7p6gjcbuhy6bapx7szdze"]}
2026-08-27T05:54:50Z [133/215] a187efae-f936-4363-8f77-61b650548144 bafybeidzh42sgs5c7b752ejo5qy72yfhnic5e6p4xef53ewkcheigabaqq 1400627651B 183s {"Pins":["bafybeidzh42sgs5c7b752ejo5qy72yfhnic5e6p4xef53ewkcheigabaqq"]}
2026-08-27T05:55:20Z [134/215] a1b6689f-5236-471a-97a6-70ea0879dd42 bafybeidjvuuqd4rcjdqrk3u4z2urjsu5zdbehsww3gntwft7o6elueciqu 13132371B 30s {"Pins":["bafybeidjvuuqd4rcjdqrk3u4z2urjsu5zdbehsww3gntwft7o6elueciqu"]}
2026-08-27T05:55:51Z [135/215] a2ba079e-319b-425a-b3df-6bb68c1b7343 bafybeihgtuqckjlmwlrt6443nuse5qis4ricbfhr3eqhvzelkhfaybr3tu 367912530B 31s {"Pins":["bafybeihgtuqckjlmwlrt6443nuse5qis4ricbfhr3eqhvzelkhfaybr3tu"]}
2026-08-27T05:56:52Z [136/215] a3d23452-f377-4d0e-9a67-ecce7a182927 bafybeih6qo7lin5btznnkyzund4tf5smuc7dfwkqlhqtpcaz35orcfymam 316228962B 61s {"Pins":["bafybeih6qo7lin5btznnkyzund4tf5smuc7dfwkqlhqtpcaz35orcfymam"]}
2026-08-27T06:12:02Z [137/215] a566dd50-6194-4e88-8aec-59cebbc1ed55 bafybeickuux7rjvdfppzz7elpr2j22ob4dzj5puukuizn22g6mhvxsfigm 17680243820B 910s {"Pins":["bafybeickuux7rjvdfppzz7elpr2j22ob4dzj5puukuizn22g6mhvxsfigm"]}
2026-08-27T06:12:33Z [138/215] a7d428ec-48e2-492b-a6f1-36d7cadf3da7 bafybeicekxy4c4ftpcwtljf2tjyfm5op5jgtnep3y3r3ddnor7owf4mcwm 14819525B 31s {"Pins":["bafybeicekxy4c4ftpcwtljf2tjyfm5op5jgtnep3y3r3ddnor7owf4mcwm"]}
2026-08-27T06:15:36Z [139/215] abf1fd61-b911-402b-9e2e-d7dcf96c4d82 bafybeibiuacko6m3mu6kiqar77t2gr74kwgvo3tbslzekoh7gewkvqkjaa 1756927079B 183s {"Pins":["bafybeibiuacko6m3mu6kiqar77t2gr74kwgvo3tbslzekoh7gewkvqkjaa"]}
2026-08-27T06:16:06Z [140/215] adc4221c-4f00-4193-ac82-c4d9b1a0b681 bafybeic4rofxoonb3izbevqnvd5lgeehxer6u5thee2h2eehuwfynz6ujm 126644830B 30s {"Pins":["bafybeic4rofxoonb3izbevqnvd5lgeehxer6u5thee2h2eehuwfynz6ujm"]}
2026-08-27T06:16:37Z [141/215] af4fe2af-67bb-4440-9885-621d5c3bf965 bafybeice7up3tvdszmosb6efryeitgijbclsa5schmwbum2js5m3ifzbfe 8591182B 31s {"Pins":["bafybeice7up3tvdszmosb6efryeitgijbclsa5schmwbum2js5m3ifzbfe"]}
2026-08-27T06:17:07Z [142/215] b0cd5f03-3a5b-4be3-9c58-b05d2b388c5a bafybeigsivruuabqti5uhzch4mbghzmzlia6y6xpq2fv4rhg2lmtruxugu 367859822B 30s {"Pins":["bafybeigsivruuabqti5uhzch4mbghzmzlia6y6xpq2fv4rhg2lmtruxugu"]}
2026-08-27T06:18:08Z [143/215] b3dacae7-dcc3-40e1-9dd4-9e2047398c01 bafybeif6cp53jrc2kfqjvm5kxk7mszp333h2z2miwduj7kswgdokks7jti 461864577B 61s {"Pins":["bafybeif6cp53jrc2kfqjvm5kxk7mszp333h2z2miwduj7kswgdokks7jti"]}
2026-08-27T06:18:39Z [144/215] b4a46d9c-fa16-4a2c-a11d-03b49d5b1e63 bafybeigve2vxjndo5otog643oldxirwhkrisb2z4g5tjfi62mb5jzg6yuy 6625456B 31s {"Pins":["bafybeigve2vxjndo5otog643oldxirwhkrisb2z4g5tjfi62mb5jzg6yuy"]}
2026-08-27T06:19:10Z [145/215] bb118c17-1444-4c39-9587-64aa126d6f58 bafybeigfviaq4me5kn3t7scd727r2prtd742xncx65b7b2aqt7ojw5z7ni 8168964B 31s {"Pins":["bafybeigfviaq4me5kn3t7scd727r2prtd742xncx65b7b2aqt7ojw5z7ni"]}
2026-08-27T06:19:40Z [146/215] bfecf42e-41e0-46a7-a948-435c5439d574 bafybeietdmp4qqz4ff7ap6udg55ojdd4a7yrsvfgh7fjc23t3h4zf2htae 367860409B 30s {"Pins":["bafybeietdmp4qqz4ff7ap6udg55ojdd4a7yrsvfgh7fjc23t3h4zf2htae"]}
2026-08-27T06:29:47Z [147/215] c328998f-27d4-496f-acea-7c971416110e bafybeiecs6igub4xpl3oy6h32b7hianrat45bgd73w24hbf3l62ywcvxci 6499698999B 607s {"Pins":["bafybeiecs6igub4xpl3oy6h32b7hianrat45bgd73w24hbf3l62ywcvxci"]}
2026-08-27T06:30:18Z [148/215] c32b4f0b-d3dc-43b8-bce2-011b82e57c97 bafybeigohkc5ahfmgvlrsauenotffqbqaiyqf72ujk3utxhkzm423wwjwu 367863753B 31s {"Pins":["bafybeigohkc5ahfmgvlrsauenotffqbqaiyqf72ujk3utxhkzm423wwjwu"]}
2026-08-27T06:30:49Z [149/215] c35a9579-e93c-4c57-9b02-7a923d8fd66a bafybeic23crmkvj65cr3gcdwggibvgrr57yholog5r2x5mzjo5k5vngkq4 255467686B 31s {"Pins":["bafybeic23crmkvj65cr3gcdwggibvgrr57yholog5r2x5mzjo5k5vngkq4"]}
2026-08-27T06:31:20Z [150/215] c3b2c10b-91c6-4e2f-83bc-fcb5068e98be bafybeic2xk2bmtz2omz2jy4sybtltbxwznzp6ozaokmmdwgcp3pj5ro7pm 223764696B 31s {"Pins":["bafybeic2xk2bmtz2omz2jy4sybtltbxwznzp6ozaokmmdwgcp3pj5ro7pm"]}
2026-08-27T06:31:50Z [151/215] c40d0e81-c8dd-44a3-9fc8-2caa36101516 bafybeibxl7dmpqczx5y4axxoqmwjjl3yiair33pteooif6os4ub5hcjfjy 151177520B 30s {"Pins":["bafybeibxl7dmpqczx5y4axxoqmwjjl3yiair33pteooif6os4ub5hcjfjy"]}
2026-08-27T06:32:51Z [152/215] c4c506d9-a409-471a-bbf9-012bcfb1fa73 bafybeic6ux6ijptxx7p56i7ubgio22iarydn7o7ryiodrs4427aylsrc7e 527013627B 61s {"Pins":["bafybeic6ux6ijptxx7p56i7ubgio22iarydn7o7ryiodrs4427aylsrc7e"]}
2026-08-27T06:33:22Z [153/215] c4c9bfde-13bc-4cf5-bc4d-817280673ec3 bafybeiava7peexwfa2zul3wxlajtxpdaesdtjtpmdpkhm6w3gobmsjmct4 291448081B 31s {"Pins":["bafybeiava7peexwfa2zul3wxlajtxpdaesdtjtpmdpkhm6w3gobmsjmct4"]}
2026-08-27T06:33:53Z [154/215] c66d0636-30c1-4227-819c-0e69924fc7a1 bafybeibcfdvmxnn36wal5pddhahpcj6paith2nalvhpj6dtpkinewwygka 27431860B 31s {"Pins":["bafybeibcfdvmxnn36wal5pddhahpcj6paith2nalvhpj6dtpkinewwygka"]}
2026-08-27T06:50:35Z [155/215] c6b9fe72-76f2-4c2e-93b5-5251a5b222f6 bafybeiajtkalsbb6pop24ajc3gyylquwhgacspxib4bhjbohevznvlxtke 10198581118B 1002s {"Pins":["bafybeiajtkalsbb6pop24ajc3gyylquwhgacspxib4bhjbohevznvlxtke"]}
2026-08-27T06:53:07Z [156/215] c974b77f-3734-4952-9cea-1dcd591cc48d bafybeientzsntutw3ws36zdngk44d5ytz65wmfism4mevsagcmrf3ox4i4 1464525942B 152s {"Pins":["bafybeientzsntutw3ws36zdngk44d5ytz65wmfism4mevsagcmrf3ox4i4"]}
2026-08-27T06:59:41Z [157/215] ca471793-baf8-43db-bf1a-b811f4608297 bafybeiguolfo5yzqen7qalxv5mngx5z7rgfdfvqhl5u2bi5otnuel2awg4 2971602268B 394s {"Pins":["bafybeiguolfo5yzqen7qalxv5mngx5z7rgfdfvqhl5u2bi5otnuel2awg4"]}
2026-08-27T07:00:12Z [158/215] cb0fc2d2-1e7b-4a39-b518-2be692a52ffc bafybeifwrphc6svbetx6ecur4f4cciyrbrf7yjz3gubachnyslqv46753a 367858802B 31s {"Pins":["bafybeifwrphc6svbetx6ecur4f4cciyrbrf7yjz3gubachnyslqv46753a"]}
2026-08-27T07:00:43Z [159/215] cddc55e9-15b1-453e-9f5f-359171be96b5 bafybeihpeprynlanyswuitig5hks23rp4d7c3ojp3gkd4cbj6dxvuebt64 367861280B 31s {"Pins":["bafybeihpeprynlanyswuitig5hks23rp4d7c3ojp3gkd4cbj6dxvuebt64"]}
2026-08-27T07:06:47Z [160/215] ce3a3a9a-e894-40a1-b531-95027b1328eb bafybeiedt7lyjplpmmgdjktphfmruny77v5rjuks43ooj4zs6ozgslo2yy 3442257310B 364s {"Pins":["bafybeiedt7lyjplpmmgdjktphfmruny77v5rjuks43ooj4zs6ozgslo2yy"]}
2026-08-27T07:15:23Z [161/215] ce7c5624-af01-4a1d-ad77-eee51cb54327 bafybeiapw6myktxzvtsytqs3jrodfjgpzivcwxvzaz33kk5eda4iutqevi 3951182465B 516s {"Pins":["bafybeiapw6myktxzvtsytqs3jrodfjgpzivcwxvzaz33kk5eda4iutqevi"]}
2026-08-27T07:16:55Z [162/215] cee5b80c-af17-44d0-9a56-c17a68f92569 bafybeiej3lesjwhtldycq443en7bx2wzri76whtznlpypnjtss432ohu3i 565712556B 92s {"Pins":["bafybeiej3lesjwhtldycq443en7bx2wzri76whtznlpypnjtss432ohu3i"]}
2026-08-27T07:19:27Z [163/215] cf435a8a-c4df-4606-9acc-809217ab367b bafybeihaz7fqji5f7a2w3cevq5cw45puqbsgsuqh2gkzielig6qiuehrha 1260048954B 152s {"Pins":["bafybeihaz7fqji5f7a2w3cevq5cw45puqbsgsuqh2gkzielig6qiuehrha"]}
2026-08-27T07:19:58Z [164/215] cf44b110-3b40-471a-8415-c805c80baae9 bafybeif6xns3qhmvai6g2h6dfo46ihigu3wucnkdk57klt76d7g4l4gsle 6974017B 31s {"Pins":["bafybeif6xns3qhmvai6g2h6dfo46ihigu3wucnkdk57klt76d7g4l4gsle"]}
2026-08-27T07:20:59Z [165/215] cf4a1884-2d79-4875-bba1-20206a8a489c bafybeievbllpvqitrta627yl6awnieonat5fpexydkfezz6pm4cg2fnpvy 367860393B 61s {"Pins":["bafybeievbllpvqitrta627yl6awnieonat5fpexydkfezz6pm4cg2fnpvy"]}
2026-08-27T08:24:40Z [166/215] d0a3c28f-7e45-4a53-bb8a-ea8677f1da91 bafybeiaevw2mo4yj4uc7ftnezka7zguwqsb7iduc5buhy6xlomadvjppry 39379546486B 3821s {"Pins":["bafybeiaevw2mo4yj4uc7ftnezka7zguwqsb7iduc5buhy6xlomadvjppry"]}
2026-08-27T08:25:11Z [167/215] d137c01a-2c3b-427e-8de4-a7e5677aaeda bafybeig6rcf2u2ei3p7qjzc47c6j4i43d4kk2vct2peyoasw2knqw4pd7q 140412866B 31s {"Pins":["bafybeig6rcf2u2ei3p7qjzc47c6j4i43d4kk2vct2peyoasw2knqw4pd7q"]}
2026-08-27T08:27:12Z [168/215] d26432cc-df0d-42c3-94db-098332b438b6 bafybeics72asrmvgajudujcpc4mz3oprzfjgayls5yb54hqqfbbefwmipa 1385947132B 121s {"Pins":["bafybeics72asrmvgajudujcpc4mz3oprzfjgayls5yb54hqqfbbefwmipa"]}
2026-08-27T08:27:43Z [169/215] d35cdb38-917f-42f3-9914-e276dc5f0ded bafybeiauc3rxmakxayejpeq5yss4clapfcci74jby7hf2m73anjzbvtt4q 293598045B 31s {"Pins":["bafybeiauc3rxmakxayejpeq5yss4clapfcci74jby7hf2m73anjzbvtt4q"]}
2026-08-27T08:41:52Z [170/215] d6e1e0f1-7a9d-46f1-a691-bf0604e755b5 bafybeieehrcp4bqilppgnaj45auvrtg4v4rwj5dlycdmzpi24tihl45fyu 9370059675B 849s {"Pins":["bafybeieehrcp4bqilppgnaj45auvrtg4v4rwj5dlycdmzpi24tihl45fyu"]}
2026-08-27T08:42:23Z [171/215] d7f80e10-a227-4272-bd58-2da08703d460 bafybeie4qnsnkvjho73vptbxwrki7oxx3e26falu6r2qfqlyrhbunps4zm 388369419B 31s {"Pins":["bafybeie4qnsnkvjho73vptbxwrki7oxx3e26falu6r2qfqlyrhbunps4zm"]}
2026-08-27T08:42:54Z [172/215] dc560d90-2d89-45be-a639-ebc3ab496f43 bafybeihm6vz6ipaptke2pyda4fdqs62gymrtvvwwpwj24fsvn5ahuodfqy 367860108B 31s {"Pins":["bafybeihm6vz6ipaptke2pyda4fdqs62gymrtvvwwpwj24fsvn5ahuodfqy"]}
2026-08-27T08:43:54Z [173/215] dc8dddb8-7b4e-4d60-80da-071b92444514 bafybeibtidpltkb33zzplqgpgrda7viurn4yhydnus3g5kxlc4xfi7vh6y 625260907B 60s {"Pins":["bafybeibtidpltkb33zzplqgpgrda7viurn4yhydnus3g5kxlc4xfi7vh6y"]}
2026-08-27T08:44:25Z [174/215] de81b4e2-0ece-4969-bb0f-2adb62cb2d4e bafybeig5cxrfb74enus44qipxl4ihwpiptwfnja6waa4s5vwzkvnx7vrhq 82222601B 31s {"Pins":["bafybeig5cxrfb74enus44qipxl4ihwpiptwfnja6waa4s5vwzkvnx7vrhq"]}
2026-08-27T08:44:56Z [175/215] de90a7b8-c71c-4ffd-8f3f-365796469bc0 bafybeihjkbcyfatatmkrpwxsf4wuomwuiz3xodvevrdq637ihv72thogpe 10410389B 31s {"Pins":["bafybeihjkbcyfatatmkrpwxsf4wuomwuiz3xodvevrdq637ihv72thogpe"]}
2026-08-27T08:51:00Z [176/215] df0fce01-b539-4e05-8087-68f3b371c8a8 bafybeihinh2dkpuduhdr626quxlzemw5cluftcrmthdwe3eb6s2fdgb2oa 4369480338B 364s {"Pins":["bafybeihinh2dkpuduhdr626quxlzemw5cluftcrmthdwe3eb6s2fdgb2oa"]}
2026-08-27T08:51:31Z [177/215] df6a7f8d-effe-4b0f-99e0-62a5924e5ee6 bafybeidacnfic5rhudbkulbkihtbm6y2jdkec7y6bflomd2ua6l7jtnn24 6626182B 31s {"Pins":["bafybeidacnfic5rhudbkulbkihtbm6y2jdkec7y6bflomd2ua6l7jtnn24"]}
2026-08-27T08:52:01Z [178/215] e15a896b-84f6-442d-be9e-3faeb088bfb0 bafybeibitfclh2suz5ql5t4to42qlhhj3elmdiqkeh2doiwtpbj26beuuu 367859604B 30s {"Pins":["bafybeibitfclh2suz5ql5t4to42qlhhj3elmdiqkeh2doiwtpbj26beuuu"]}
2026-08-27T08:52:32Z [179/215] e1b87ae6-d871-4e70-8df1-f9cd7dbd09f9 bafybeievbvlqss4rg7qx3x3dns66rfsz4rayh5eer2hm2xusv7uolub7yi 127572059B 31s {"Pins":["bafybeievbvlqss4rg7qx3x3dns66rfsz4rayh5eer2hm2xusv7uolub7yi"]}
2026-08-27T08:53:03Z [180/215] e362fa91-c218-45df-8167-d7e7c3440052 bafybeif2sbjbzt54ue3opszbyg2cq4w3x757tybdayejihl2vdiluwunmi 125350849B 31s {"Pins":["bafybeif2sbjbzt54ue3opszbyg2cq4w3x757tybdayejihl2vdiluwunmi"]}
2026-08-27T08:53:33Z [181/215] e496c840-27ce-4988-80a3-e99cd123d107 bafybeih2zze4nhv4fifj7bazsdndlooxwst5o5con7chcglsdlvdz64rgm 367856016B 30s {"Pins":["bafybeih2zze4nhv4fifj7bazsdndlooxwst5o5con7chcglsdlvdz64rgm"]}
2026-08-27T08:54:04Z [182/215] e5437c4c-e32c-40e4-9b0a-074db2d11a6a bafybeifgbobdoee74dfoxtodgmi3o3ov3xqspbs76f6cirdxjqds7ykgyi 367859210B 31s {"Pins":["bafybeifgbobdoee74dfoxtodgmi3o3ov3xqspbs76f6cirdxjqds7ykgyi"]}
2026-08-27T08:56:36Z [183/215] e601569d-5611-4a82-93ba-a7f55b260001 bafybeiawrkxqiht7iyqkt3rljwcmmau52mvkaclojeziqoigcx775mdetm 1252203391B 152s {"Pins":["bafybeiawrkxqiht7iyqkt3rljwcmmau52mvkaclojeziqoigcx775mdetm"]}
2026-08-27T08:57:06Z [184/215] e6041b92-79ff-4ebe-a9b1-b9e7b089046d bafybeic5h4j4jmfxylujkstwkbf4p7iahgavdywm632istqpg7rxx7fque 80870879B 30s {"Pins":["bafybeic5h4j4jmfxylujkstwkbf4p7iahgavdywm632istqpg7rxx7fque"]}
2026-08-27T08:58:07Z [185/215] e7252d16-c248-4de0-aade-433e9e7d2484 bafybeie6lzmdqpe37wetks7ve7y3frpkchdkhag4apdnjcoojblipz5sla 446333753B 61s {"Pins":["bafybeie6lzmdqpe37wetks7ve7y3frpkchdkhag4apdnjcoojblipz5sla"]}
2026-08-27T08:59:39Z [186/215] e885a572-1acc-4b0c-9c63-c3f8e49bd302 bafybeic3aawt2dt45x5q3meex3azvp7gs2xsyuz45rmx7tvinajdms3tfe 671126394B 92s {"Pins":["bafybeic3aawt2dt45x5q3meex3azvp7gs2xsyuz45rmx7tvinajdms3tfe"]}
2026-08-27T09:00:09Z [187/215] e9aab828-96ae-4d16-b155-6bb9fded9f34 bafybeiet5epjhrkoatc6bvg2djbiysbq66o2anranjkyzycuhu64haxyhe 105255212B 30s {"Pins":["bafybeiet5epjhrkoatc6bvg2djbiysbq66o2anranjkyzycuhu64haxyhe"]}
2026-08-27T09:00:40Z [188/215] e9c74592-8483-4511-adb2-16ef4730ca1a bafybeig3bmwlzbqdr4qmne4y7ylg4jzwblx6lqiwrudpbatylxycf5ovgi 365140302B 31s {"Pins":["bafybeig3bmwlzbqdr4qmne4y7ylg4jzwblx6lqiwrudpbatylxycf5ovgi"]}
2026-08-27T09:02:41Z [189/215] ebe3df0f-f765-410e-b2fa-edd39dcf5369 bafybeigtt4moe32rr7gu4oqy4gfmhpj4zf7lsmxbmvkofdscnz7jezo7wa 6098903324B 121s {"Pins":["bafybeigtt4moe32rr7gu4oqy4gfmhpj4zf7lsmxbmvkofdscnz7jezo7wa"]}
2026-08-27T09:03:42Z [190/215] ec014e95-c9de-4d2e-b464-d95c3f7ae19c bafybeiashvfbhybrvsgjo37vcbhw6h4i2ucqa7347pay5wb2zr2kjajwuy 449938835B 61s {"Pins":["bafybeiashvfbhybrvsgjo37vcbhw6h4i2ucqa7347pay5wb2zr2kjajwuy"]}
2026-08-27T09:04:13Z [191/215] ed25109e-3e36-429d-aafd-a9cd12f854fb bafybeidhndufg74y7igurso346l34dg5cxyk4k6cx4dvh42vvhg2bzbe3a 6973970B 31s {"Pins":["bafybeidhndufg74y7igurso346l34dg5cxyk4k6cx4dvh42vvhg2bzbe3a"]}
2026-08-27T09:06:45Z [192/215] edc8b7d3-e95c-4056-93d3-d29d1258195f bafybeihcwkgikgqx444pv6omzt7vdjzqmiqrbidw7vxo3csvhmrebyrhg4 1641428101B 152s {"Pins":["bafybeihcwkgikgqx444pv6omzt7vdjzqmiqrbidw7vxo3csvhmrebyrhg4"]}
2026-08-27T09:07:16Z [193/215] ee826cf5-9273-4b58-850c-0615668d9e2d bafybeih6jdk6c7iz7bxdbnw25ra4z7nr2gwpinlgzqnd2vhbut466hocsa 6626438B 31s {"Pins":["bafybeih6jdk6c7iz7bxdbnw25ra4z7nr2gwpinlgzqnd2vhbut466hocsa"]}
2026-08-27T09:07:46Z [194/215] f004b2e2-91bf-4517-8815-faea12a3f062 bafybeidn3vuac4eiyqa5ug5pkdkan3xp22hvqzcskkusk3pnxdqood4f5q 367864634B 30s {"Pins":["bafybeidn3vuac4eiyqa5ug5pkdkan3xp22hvqzcskkusk3pnxdqood4f5q"]}
2026-08-27T09:08:17Z [195/215] f00cd40d-0fe5-4805-953f-9a52ff6da2ac bafybeihkgvv7l752qcpdi47v77wtzwdwufebl2spukhm2avcjyz54birg4 72195829B 31s {"Pins":["bafybeihkgvv7l752qcpdi47v77wtzwdwufebl2spukhm2avcjyz54birg4"]}
2026-08-27T09:08:48Z [196/215] f0750b82-282e-4eed-bdba-c4fb023fb684 bafybeicoxwrcpi2tr63ebywwk5rfpdync72rrxkyy4ymtwitnyl4icrgsu 6626188B 31s {"Pins":["bafybeicoxwrcpi2tr63ebywwk5rfpdync72rrxkyy4ymtwitnyl4icrgsu"]}
2026-08-27T09:09:49Z [197/215] f0cf5ba9-4d45-45a7-aafa-a340ccb1dca8 bafybeigv2puw2ximac36gyghvv67tvdm7prjmkff3742thjieirbzukpgm 475753658B 61s {"Pins":["bafybeigv2puw2ximac36gyghvv67tvdm7prjmkff3742thjieirbzukpgm"]}
2026-08-27T09:10:19Z [198/215] f128ae45-67bf-41f7-bef6-cdb30ec3c02b bafybeigxnjbnsvu27zq6diy2kntnyemk2dsdg5ydyibpixr75tols2t55e 367859516B 30s {"Pins":["bafybeigxnjbnsvu27zq6diy2kntnyemk2dsdg5ydyibpixr75tols2t55e"]}
2026-08-27T09:11:51Z [199/215] f27c6217-e4c0-4f82-b8b7-d38c8653b0dd bafybeifiqu2kpctqlsefgjo4tlgavi6t45wz4qhiur6sf3yw262amuccq4 852242693B 92s {"Pins":["bafybeifiqu2kpctqlsefgjo4tlgavi6t45wz4qhiur6sf3yw262amuccq4"]}
2026-08-27T09:12:52Z [200/215] f2db8c40-a2fb-4a93-be03-75ce3b3133f3 bafybeiap4hionam65txvvbzvk5trk6cydzwjm7yfkbzkbprnm6x6z25kru 848489224B 61s {"Pins":["bafybeiap4hionam65txvvbzvk5trk6cydzwjm7yfkbzkbprnm6x6z25kru"]}
2026-08-27T09:13:52Z [201/215] f3170ca8-2a0d-49ac-b307-d20fbfb15b0d bafybeia6h53xfyi3ght27ojg5x4qk6wucmtldr4pis4nlkij4gjketbiru 310423760B 60s {"Pins":["bafybeia6h53xfyi3ght27ojg5x4qk6wucmtldr4pis4nlkij4gjketbiru"]}
2026-08-27T09:14:23Z [202/215] f421b0af-2ebc-4fa3-a9c1-de2ae7662c3e bafybeiat3o2cd3two65t4ai4m6iacrzio5kxrkp7cfisrw53ba4r4ca3l4 367866101B 31s {"Pins":["bafybeiat3o2cd3two65t4ai4m6iacrzio5kxrkp7cfisrw53ba4r4ca3l4"]}
2026-08-27T09:14:54Z [203/215] f4cf4ad5-b654-48d3-8ea0-85ec65eb17fa bafybeicemfddfrldlz7u3her7d23rotfgujjbpqkzfrpkbvm2dg2sb4u6i 367860149B 31s {"Pins":["bafybeicemfddfrldlz7u3her7d23rotfgujjbpqkzfrpkbvm2dg2sb4u6i"]}
2026-08-27T09:15:24Z [204/215] f503f9fe-276c-4519-92b7-8a2239cfa489 bafybeicuxvu74piuhpkmld333qjmknqlnplzgudl67rvppmupwgs6fs5wa 13132843B 30s {"Pins":["bafybeicuxvu74piuhpkmld333qjmknqlnplzgudl67rvppmupwgs6fs5wa"]}
2026-08-27T09:15:55Z [205/215] f548cb77-a829-42ea-b097-3b54603a0d8f bafybeia3khfqwo55ldrbnhtywih2zypqnwsursmdaanvve2lfkhxsyvvbi 10382304B 31s {"Pins":["bafybeia3khfqwo55ldrbnhtywih2zypqnwsursmdaanvve2lfkhxsyvvbi"]}
2026-08-27T09:16:26Z [206/215] f5f51874-1c4c-42f8-9433-423fd791d6a8 bafybeigkppmsp2c4lyedoprdb6izltpouk3ywuz3f5gwulexlfplp2rrsa 29549436B 31s {"Pins":["bafybeigkppmsp2c4lyedoprdb6izltpouk3ywuz3f5gwulexlfplp2rrsa"]}
2026-08-27T09:16:56Z [207/215] f65cb7b3-89e2-47eb-9e73-3b371105e15e bafybeihmp6yyugpztxujedettnssphom2hsluhlvk2k2xgxlbq3pdq2xxy 368002970B 30s {"Pins":["bafybeihmp6yyugpztxujedettnssphom2hsluhlvk2k2xgxlbq3pdq2xxy"]}
2026-08-27T09:17:27Z [208/215] f6d4f5f8-7f31-48c9-871e-b2cf4d4270aa bafybeieoft34zixtyvma4bsozefetikcp4wuh77yabdycv5ae6u6w6zc6y 10456202B 31s {"Pins":["bafybeieoft34zixtyvma4bsozefetikcp4wuh77yabdycv5ae6u6w6zc6y"]}
2026-08-27T09:17:58Z [209/215] f8d24d67-7cd9-4465-9665-2c063ae4e073 bafybeigpb2o5axk4h5uo7flhss7qbk5gvqye3eme7zbphagjknmn5qtxxy 176871255B 31s {"Pins":["bafybeigpb2o5axk4h5uo7flhss7qbk5gvqye3eme7zbphagjknmn5qtxxy"]}
2026-08-27T09:18:28Z [210/215] f97bf0da-0630-4847-952a-902060b8081c bafybeib7mpj6as3blyxvzmr5vtykcmccfa5jlco62nvw7j3whkubmoka34 6973988B 30s {"Pins":["bafybeib7mpj6as3blyxvzmr5vtykcmccfa5jlco62nvw7j3whkubmoka34"]}
2026-08-27T09:19:29Z [211/215] faa504eb-868c-4134-a7b2-eef051b9abbc bafybeiesrktgfogq73eti5wp56g76gsqtggrnuabtrbauusohwamuodcnq 412560390B 61s {"Pins":["bafybeiesrktgfogq73eti5wp56g76gsqtggrnuabtrbauusohwamuodcnq"]}
2026-08-27T09:27:35Z [212/215] fd2cbf3b-152e-4ed1-b2ae-21f65b2e2d0f bafybeiawycz3flztfssluvmezuonbs6ttid4s5e5qbgzl7blpxxqjihjt4 4957353088B 486s {"Pins":["bafybeiawycz3flztfssluvmezuonbs6ttid4s5e5qbgzl7blpxxqjihjt4"]}
2026-08-27T09:28:05Z [213/215] fe324a25-a5b3-4b17-bae4-8d4109f01fe7 bafybeihuuv44w6lmh6qngjo46ykmwyxw2cr2ptovsnv7gfuneqvwsgrv3q 6626275B 30s {"Pins":["bafybeihuuv44w6lmh6qngjo46ykmwyxw2cr2ptovsnv7gfuneqvwsgrv3q"]}
2026-08-27T09:28:36Z [214/215] fe63cbf2-7377-4497-919b-853dd22c63e7 bafybeid3oolfuq6ehl65zskasluwazkvigdtytktbo65wxi4ynpzj7xqae 266741710B 31s {"Pins":["bafybeid3oolfuq6ehl65zskasluwazkvigdtytktbo65wxi4ynpzj7xqae"]}
2026-08-27T09:29:07Z [215/215] ff673a40-0bfb-4ac9-b6a3-2d9cc8385463 bafybeicdnesa46ttad3ebst4c53qstpygwhwgwr6l6ricnsecdlm4etijy 367856360B 31s {"Pins":["bafybeicdnesa46ttad3ebst4c53qstpygwhwgwr6l6ricnsecdlm4etijy"]}
